Release 14.7 - xst P.20131013 (lin64)
Copyright (c) 1995-2013 Xilinx, Inc.  All rights reserved.
--> 
Parameter TMPDIR set to xst/projnav.tmp


Total REAL time to Xst completion: 0.00 secs
Total CPU time to Xst completion: 0.10 secs
 
--> 
Parameter xsthdpdir set to xst


Total REAL time to Xst completion: 0.00 secs
Total CPU time to Xst completion: 0.10 secs
 
--> 
Reading design: machine.prj

TABLE OF CONTENTS
  1) Synthesis Options Summary
  2) HDL Parsing
  3) HDL Elaboration
  4) HDL Synthesis
       4.1) HDL Synthesis Report
  5) Advanced HDL Synthesis
       5.1) Advanced HDL Synthesis Report
  6) Low Level Synthesis
  7) Partition Report
  8) Design Summary
       8.1) Primitive and Black Box Usage
       8.2) Device utilization summary
       8.3) Partition Resource Summary
       8.4) Timing Report
            8.4.1) Clock Information
            8.4.2) Asynchronous Control Signals Information
            8.4.3) Timing Summary
            8.4.4) Timing Details
            8.4.5) Cross Clock Domains Report


=========================================================================
*                      Synthesis Options Summary                        *
=========================================================================
---- Source Parameters
Input File Name                    : "machine.prj"
Ignore Synthesis Constraint File   : NO

---- Target Parameters
Output File Name                   : "machine"
Output Format                      : NGC
Target Device                      : xc6slx16-2-csg324

---- Source Options
Top Module Name                    : machine
Automatic FSM Extraction           : YES
FSM Encoding Algorithm             : Auto
Safe Implementation                : No
FSM Style                          : LUT
RAM Extraction                     : Yes
RAM Style                          : Auto
ROM Extraction                     : Yes
Shift Register Extraction          : YES
ROM Style                          : Auto
Resource Sharing                   : YES
Asynchronous To Synchronous        : NO
Shift Register Minimum Size        : 2
Use DSP Block                      : Auto
Automatic Register Balancing       : No

---- Target Options
LUT Combining                      : Auto
Reduce Control Sets                : Auto
Add IO Buffers                     : YES
Global Maximum Fanout              : 100000
Add Generic Clock Buffer(BUFG)     : 16
Register Duplication               : YES
Optimize Instantiated Primitives   : NO
Use Clock Enable                   : Auto
Use Synchronous Set                : Auto
Use Synchronous Reset              : Auto
Pack IO Registers into IOBs        : Auto
Equivalent register Removal        : YES

---- General Options
Optimization Goal                  : Speed
Optimization Effort                : 1
Power Reduction                    : NO
Keep Hierarchy                     : No
Netlist Hierarchy                  : As_Optimized
RTL Output                         : Yes
Global Optimization                : AllClockNets
Read Cores                         : YES
Write Timing Constraints           : NO
Cross Clock Analysis               : NO
Hierarchy Separator                : /
Bus Delimiter                      : <>
Case Specifier                     : Maintain
Slice Utilization Ratio            : 100
BRAM Utilization Ratio             : 100
DSP48 Utilization Ratio            : 100
Auto BRAM Packing                  : NO
Slice Utilization Ratio Delta      : 5

=========================================================================


=========================================================================
*                          HDL Parsing                                  *
=========================================================================
Analyzing Verilog file "/home/011/e/ex/exh150330/repos/fpga-proc/proj/regfile.v" into library work
Parsing module <regfile>.
Analyzing Verilog file "/home/011/e/ex/exh150330/repos/fpga-proc/proj/program_rom.v" into library work
Parsing module <program_rom>.
Analyzing Verilog file "/home/011/e/ex/exh150330/repos/fpga-proc/proj/processor.v" into library work
Parsing module <processor>.
Analyzing Verilog file "/home/011/e/ex/exh150330/repos/fpga-proc/proj/machine.v" into library work
Parsing module <machine>.

=========================================================================
*                            HDL Elaboration                            *
=========================================================================

Elaborating module <machine>.

Elaborating module <processor>.

Elaborating module <regfile>.
WARNING:HDLCompiler:189 - "/home/011/e/ex/exh150330/repos/fpga-proc/proj/processor.v" Line 30: Size mismatch in connection of port <address_a>. Formal port size is 2-bit while actual signal size is 4-bit.
WARNING:HDLCompiler:189 - "/home/011/e/ex/exh150330/repos/fpga-proc/proj/processor.v" Line 31: Size mismatch in connection of port <address_b>. Formal port size is 2-bit while actual signal size is 4-bit.
WARNING:HDLCompiler:413 - "/home/011/e/ex/exh150330/repos/fpga-proc/proj/processor.v" Line 48: Result of 4-bit expression is truncated to fit in 3-bit target.

Elaborating module <program_rom>.

=========================================================================
*                           HDL Synthesis                               *
=========================================================================

Synthesizing Unit <machine>.
    Related source file is "/home/011/e/ex/exh150330/repos/fpga-proc/proj/machine.v".
    Found 8-bit register for signal <out>.
    Summary:
	inferred   8 D-type flip-flop(s).
Unit <machine> synthesized.

Synthesizing Unit <processor>.
    Related source file is "/home/011/e/ex/exh150330/repos/fpga-proc/proj/processor.v".
WARNING:Xst:647 - Input <instruction<19:16>> is never used. This port will be preserved and left unconnected if it belongs to a top-level block or it belongs to a sub-block and the hierarchy of this sub-block is preserved.
    Found 3-bit register for signal <address>.
    Found 32-bit register for signal <write_data>.
    Found 1-bit register for signal <write_enable>.
    Found 32-bit register for signal <result>.
    Found 32-bit register for signal <timer>.
    Found 32-bit adder for signal <timer[31]_GND_2_o_add_5_OUT> created at line 44.
    Found 3-bit adder for signal <address[2]_GND_2_o_add_8_OUT> created at line 48.
    Found 32-bit adder for signal <data_a[31]_data_b[31]_add_9_OUT> created at line 66.
    Summary:
	inferred   3 Adder/Subtractor(s).
	inferred 100 D-type flip-flop(s).
Unit <processor> synthesized.

Synthesizing Unit <regfile>.
    Related source file is "/home/011/e/ex/exh150330/repos/fpga-proc/proj/regfile.v".
    Found 4x32-bit dual-port RAM <Mram_regs> for signal <regs>.
    Found 32-bit register for signal <data_b>.
    Found 32-bit register for signal <data_a>.
    Summary:
	inferred   1 RAM(s).
	inferred  64 D-type flip-flop(s).
Unit <regfile> synthesized.

Synthesizing Unit <mod_32u_25u>.
    Related source file is "".
    Found 57-bit adder for signal <GND_4_o_b[24]_add_1_OUT> created at line 0.
    Found 56-bit adder for signal <GND_4_o_b[24]_add_3_OUT> created at line 0.
    Found 55-bit adder for signal <GND_4_o_b[24]_add_5_OUT> created at line 0.
    Found 54-bit adder for signal <GND_4_o_b[24]_add_7_OUT> created at line 0.
    Found 53-bit adder for signal <GND_4_o_b[24]_add_9_OUT> created at line 0.
    Found 52-bit adder for signal <GND_4_o_b[24]_add_11_OUT> created at line 0.
    Found 51-bit adder for signal <GND_4_o_b[24]_add_13_OUT> created at line 0.
    Found 50-bit adder for signal <GND_4_o_b[24]_add_15_OUT> created at line 0.
    Found 49-bit adder for signal <GND_4_o_b[24]_add_17_OUT> created at line 0.
    Found 48-bit adder for signal <GND_4_o_b[24]_add_19_OUT> created at line 0.
    Found 47-bit adder for signal <GND_4_o_b[24]_add_21_OUT> created at line 0.
    Found 46-bit adder for signal <GND_4_o_b[24]_add_23_OUT> created at line 0.
    Found 45-bit adder for signal <GND_4_o_b[24]_add_25_OUT> created at line 0.
    Found 44-bit adder for signal <GND_4_o_b[24]_add_27_OUT> created at line 0.
    Found 43-bit adder for signal <GND_4_o_b[24]_add_29_OUT> created at line 0.
    Found 42-bit adder for signal <GND_4_o_b[24]_add_31_OUT> created at line 0.
    Found 41-bit adder for signal <GND_4_o_b[24]_add_33_OUT> created at line 0.
    Found 40-bit adder for signal <GND_4_o_b[24]_add_35_OUT> created at line 0.
    Found 39-bit adder for signal <GND_4_o_b[24]_add_37_OUT> created at line 0.
    Found 38-bit adder for signal <GND_4_o_b[24]_add_39_OUT> created at line 0.
    Found 37-bit adder for signal <GND_4_o_b[24]_add_41_OUT> created at line 0.
    Found 36-bit adder for signal <GND_4_o_b[24]_add_43_OUT> created at line 0.
    Found 35-bit adder for signal <GND_4_o_b[24]_add_45_OUT> created at line 0.
    Found 34-bit adder for signal <GND_4_o_b[24]_add_47_OUT> created at line 0.
    Found 33-bit adder for signal <GND_4_o_b[24]_add_49_OUT> created at line 0.
    Found 32-bit adder for signal <a[31]_b[24]_add_51_OUT> created at line 0.
    Found 32-bit adder for signal <a[31]_GND_4_o_add_53_OUT> created at line 0.
    Found 32-bit adder for signal <a[31]_GND_4_o_add_55_OUT> created at line 0.
    Found 32-bit adder for signal <a[31]_GND_4_o_add_57_OUT> created at line 0.
    Found 32-bit adder for signal <a[31]_GND_4_o_add_59_OUT> created at line 0.
    Found 32-bit adder for signal <a[31]_GND_4_o_add_61_OUT> created at line 0.
    Found 32-bit adder for signal <a[31]_GND_4_o_add_63_OUT> created at line 0.
    Found 32-bit adder for signal <a[31]_GND_4_o_add_65_OUT> created at line 0.
    Found 57-bit comparator lessequal for signal <BUS_0001> created at line 0
    Found 56-bit comparator lessequal for signal <BUS_0002> created at line 0
    Found 55-bit comparator lessequal for signal <BUS_0003> created at line 0
    Found 54-bit comparator lessequal for signal <BUS_0004> created at line 0
    Found 53-bit comparator lessequal for signal <BUS_0005> created at line 0
    Found 52-bit comparator lessequal for signal <BUS_0006> created at line 0
    Found 51-bit comparator lessequal for signal <BUS_0007> created at line 0
    Found 50-bit comparator lessequal for signal <BUS_0008> created at line 0
    Found 49-bit comparator lessequal for signal <BUS_0009> created at line 0
    Found 48-bit comparator lessequal for signal <BUS_0010> created at line 0
    Found 47-bit comparator lessequal for signal <BUS_0011> created at line 0
    Found 46-bit comparator lessequal for signal <BUS_0012> created at line 0
    Found 45-bit comparator lessequal for signal <BUS_0013> created at line 0
    Found 44-bit comparator lessequal for signal <BUS_0014> created at line 0
    Found 43-bit comparator lessequal for signal <BUS_0015> created at line 0
    Found 42-bit comparator lessequal for signal <BUS_0016> created at line 0
    Found 41-bit comparator lessequal for signal <BUS_0017> created at line 0
    Found 40-bit comparator lessequal for signal <BUS_0018> created at line 0
    Found 39-bit comparator lessequal for signal <BUS_0019> created at line 0
    Found 38-bit comparator lessequal for signal <BUS_0020> created at line 0
    Found 37-bit comparator lessequal for signal <BUS_0021> created at line 0
    Found 36-bit comparator lessequal for signal <BUS_0022> created at line 0
    Found 35-bit comparator lessequal for signal <BUS_0023> created at line 0
    Found 34-bit comparator lessequal for signal <BUS_0024> created at line 0
    Found 33-bit comparator lessequal for signal <BUS_0025> created at line 0
    Found 32-bit comparator lessequal for signal <BUS_0026> created at line 0
    Found 32-bit comparator lessequal for signal <BUS_0027> created at line 0
    Found 32-bit comparator lessequal for signal <BUS_0028> created at line 0
    Found 32-bit comparator lessequal for signal <BUS_0029> created at line 0
    Found 32-bit comparator lessequal for signal <BUS_0030> created at line 0
    Found 32-bit comparator lessequal for signal <BUS_0031> created at line 0
    Found 32-bit comparator lessequal for signal <BUS_0032> created at line 0
    Found 32-bit comparator lessequal for signal <BUS_0033> created at line 0
    Summary:
	inferred  33 Adder/Subtractor(s).
	inferred  33 Comparator(s).
	inferred 1025 Multiplexer(s).
Unit <mod_32u_25u> synthesized.

Synthesizing Unit <program_rom>.
    Related source file is "/home/011/e/ex/exh150330/repos/fpga-proc/proj/program_rom.v".
WARNING:Xst:2999 - Signal 'inst_mem', unconnected in block 'program_rom', is tied to its initial value.
    Found 8x32-bit single-port Read Only RAM <Mram_inst_mem> for signal <inst_mem>.
    Summary:
	inferred   1 RAM(s).
Unit <program_rom> synthesized.

=========================================================================
HDL Synthesis Report

Macro Statistics
# RAMs                                                 : 2
 4x32-bit dual-port RAM                                : 1
 8x32-bit single-port Read Only RAM                    : 1
# Adders/Subtractors                                   : 36
 3-bit adder                                           : 1
 32-bit adder                                          : 10
 33-bit adder                                          : 1
 34-bit adder                                          : 1
 35-bit adder                                          : 1
 36-bit adder                                          : 1
 37-bit adder                                          : 1
 38-bit adder                                          : 1
 39-bit adder                                          : 1
 40-bit adder                                          : 1
 41-bit adder                                          : 1
 42-bit adder                                          : 1
 43-bit adder                                          : 1
 44-bit adder                                          : 1
 45-bit adder                                          : 1
 46-bit adder                                          : 1
 47-bit adder                                          : 1
 48-bit adder                                          : 1
 49-bit adder                                          : 1
 50-bit adder                                          : 1
 51-bit adder                                          : 1
 52-bit adder                                          : 1
 53-bit adder                                          : 1
 54-bit adder                                          : 1
 55-bit adder                                          : 1
 56-bit adder                                          : 1
 57-bit adder                                          : 1
# Registers                                            : 8
 1-bit register                                        : 1
 3-bit register                                        : 1
 32-bit register                                       : 5
 8-bit register                                        : 1
# Comparators                                          : 33
 32-bit comparator lessequal                           : 8
 33-bit comparator lessequal                           : 1
 34-bit comparator lessequal                           : 1
 35-bit comparator lessequal                           : 1
 36-bit comparator lessequal                           : 1
 37-bit comparator lessequal                           : 1
 38-bit comparator lessequal                           : 1
 39-bit comparator lessequal                           : 1
 40-bit comparator lessequal                           : 1
 41-bit comparator lessequal                           : 1
 42-bit comparator lessequal                           : 1
 43-bit comparator lessequal                           : 1
 44-bit comparator lessequal                           : 1
 45-bit comparator lessequal                           : 1
 46-bit comparator lessequal                           : 1
 47-bit comparator lessequal                           : 1
 48-bit comparator lessequal                           : 1
 49-bit comparator lessequal                           : 1
 50-bit comparator lessequal                           : 1
 51-bit comparator lessequal                           : 1
 52-bit comparator lessequal                           : 1
 53-bit comparator lessequal                           : 1
 54-bit comparator lessequal                           : 1
 55-bit comparator lessequal                           : 1
 56-bit comparator lessequal                           : 1
 57-bit comparator lessequal                           : 1
# Multiplexers                                         : 1025
 1-bit 2-to-1 multiplexer                              : 1024
 25-bit 2-to-1 multiplexer                             : 1

=========================================================================

=========================================================================
*                       Advanced HDL Synthesis                          *
=========================================================================

WARNING:Xst:1710 - FF/Latch <write_enable> (without init value) has a constant value of 0 in block <_processor>. This FF/Latch will be trimmed during the optimization process.
WARNING:Xst:2677 - Node <result_8> of sequential type is unconnected in block <_processor>.
WARNING:Xst:2677 - Node <result_9> of sequential type is unconnected in block <_processor>.
WARNING:Xst:2677 - Node <result_10> of sequential type is unconnected in block <_processor>.
WARNING:Xst:2677 - Node <result_11> of sequential type is unconnected in block <_processor>.
WARNING:Xst:2677 - Node <result_12> of sequential type is unconnected in block <_processor>.
WARNING:Xst:2677 - Node <result_13> of sequential type is unconnected in block <_processor>.
WARNING:Xst:2677 - Node <result_14> of sequential type is unconnected in block <_processor>.
WARNING:Xst:2677 - Node <result_15> of sequential type is unconnected in block <_processor>.
WARNING:Xst:2677 - Node <result_16> of sequential type is unconnected in block <_processor>.
WARNING:Xst:2677 - Node <result_17> of sequential type is unconnected in block <_processor>.
WARNING:Xst:2677 - Node <result_18> of sequential type is unconnected in block <_processor>.
WARNING:Xst:2677 - Node <result_19> of sequential type is unconnected in block <_processor>.
WARNING:Xst:2677 - Node <result_20> of sequential type is unconnected in block <_processor>.
WARNING:Xst:2677 - Node <result_21> of sequential type is unconnected in block <_processor>.
WARNING:Xst:2677 - Node <result_22> of sequential type is unconnected in block <_processor>.
WARNING:Xst:2677 - Node <result_23> of sequential type is unconnected in block <_processor>.
WARNING:Xst:2677 - Node <result_24> of sequential type is unconnected in block <_processor>.
WARNING:Xst:2677 - Node <result_25> of sequential type is unconnected in block <_processor>.
WARNING:Xst:2677 - Node <result_26> of sequential type is unconnected in block <_processor>.
WARNING:Xst:2677 - Node <result_27> of sequential type is unconnected in block <_processor>.
WARNING:Xst:2677 - Node <result_28> of sequential type is unconnected in block <_processor>.
WARNING:Xst:2677 - Node <result_29> of sequential type is unconnected in block <_processor>.
WARNING:Xst:2677 - Node <result_30> of sequential type is unconnected in block <_processor>.
WARNING:Xst:2677 - Node <result_31> of sequential type is unconnected in block <_processor>.

Synthesizing (advanced) Unit <processor>.
The following registers are absorbed into counter <timer>: 1 register on signal <timer>.
The following registers are absorbed into counter <address>: 1 register on signal <address>.
Unit <processor> synthesized (advanced).

Synthesizing (advanced) Unit <program_rom>.
INFO:Xst:3218 - HDL ADVISOR - The RAM <Mram_inst_mem> will be implemented on LUTs either because you have described an asynchronous read or because of currently unsupported block RAM features. If you have described an asynchronous read, making it synchronous would allow you to take advantage of available block RAM resources, for optimized device usage and improved timings. Please refer to your documentation for coding guidelines.
    -----------------------------------------------------------------------
    | ram_type           | Distributed                         |          |
    -----------------------------------------------------------------------
    | Port A                                                              |
    |     aspect ratio   | 8-word x 32-bit                     |          |
    |     weA            | connected to signal <GND>           | high     |
    |     addrA          | connected to signal <address>       |          |
    |     diA            | connected to signal <GND>           |          |
    |     doA            | connected to internal node          |          |
    -----------------------------------------------------------------------
Unit <program_rom> synthesized (advanced).

Synthesizing (advanced) Unit <regfile>.
INFO:Xst:3231 - The small RAM <Mram_regs> will be implemented on LUTs in order to maximize performance and save block RAM resources. If you want to force its implementation on block, use option/constraint ram_style.
    -----------------------------------------------------------------------
    | ram_type           | Distributed                         |          |
    -----------------------------------------------------------------------
    | Port A                                                              |
    |     aspect ratio   | 4-word x 32-bit                     |          |
    |     clkA           | connected to signal <clk>           | rise     |
    |     weA            | connected to signal <write_enable>  | high     |
    |     addrA          | connected to signal <address_a>     |          |
    |     diA            | connected to signal <write_data>    |          |
    |     doA            | connected to internal node          |          |
    -----------------------------------------------------------------------
    | Port B                                                              |
    |     aspect ratio   | 4-word x 32-bit                     |          |
    |     addrB          | connected to signal <address_b>     |          |
    |     doB            | connected to internal node          |          |
    -----------------------------------------------------------------------
Unit <regfile> synthesized (advanced).

=========================================================================
Advanced HDL Synthesis Report

Macro Statistics
# RAMs                                                 : 2
 4x32-bit dual-port distributed RAM                    : 1
 8x32-bit single-port distributed Read Only RAM        : 1
# Adders/Subtractors                                   : 35
 25-bit adder                                          : 1
 32-bit adder                                          : 34
# Counters                                             : 2
 3-bit up counter                                      : 1
 32-bit up counter                                     : 1
# Registers                                            : 137
 Flip-Flops                                            : 137
# Comparators                                          : 33
 32-bit comparator lessequal                           : 8
 33-bit comparator lessequal                           : 1
 34-bit comparator lessequal                           : 1
 35-bit comparator lessequal                           : 1
 36-bit comparator lessequal                           : 1
 37-bit comparator lessequal                           : 1
 38-bit comparator lessequal                           : 1
 39-bit comparator lessequal                           : 1
 40-bit comparator lessequal                           : 1
 41-bit comparator lessequal                           : 1
 42-bit comparator lessequal                           : 1
 43-bit comparator lessequal                           : 1
 44-bit comparator lessequal                           : 1
 45-bit comparator lessequal                           : 1
 46-bit comparator lessequal                           : 1
 47-bit comparator lessequal                           : 1
 48-bit comparator lessequal                           : 1
 49-bit comparator lessequal                           : 1
 50-bit comparator lessequal                           : 1
 51-bit comparator lessequal                           : 1
 52-bit comparator lessequal                           : 1
 53-bit comparator lessequal                           : 1
 54-bit comparator lessequal                           : 1
 55-bit comparator lessequal                           : 1
 56-bit comparator lessequal                           : 1
 57-bit comparator lessequal                           : 1
# Multiplexers                                         : 1025
 1-bit 2-to-1 multiplexer                              : 1024
 25-bit 2-to-1 multiplexer                             : 1

=========================================================================

=========================================================================
*                         Low Level Synthesis                           *
=========================================================================
WARNING:Xst:1710 - FF/Latch <write_enable> (without init value) has a constant value of 0 in block <processor>. This FF/Latch will be trimmed during the optimization process.

Optimizing unit <regfile> ...

Optimizing unit <machine> ...

Optimizing unit <processor> ...
WARNING:Xst:2677 - Node <_processor/result_31> of sequential type is unconnected in block <machine>.
WARNING:Xst:2677 - Node <_processor/result_30> of sequential type is unconnected in block <machine>.
WARNING:Xst:2677 - Node <_processor/result_29> of sequential type is unconnected in block <machine>.
WARNING:Xst:2677 - Node <_processor/result_28> of sequential type is unconnected in block <machine>.
WARNING:Xst:2677 - Node <_processor/result_27> of sequential type is unconnected in block <machine>.
WARNING:Xst:2677 - Node <_processor/result_26> of sequential type is unconnected in block <machine>.
WARNING:Xst:2677 - Node <_processor/result_25> of sequential type is unconnected in block <machine>.
WARNING:Xst:2677 - Node <_processor/result_24> of sequential type is unconnected in block <machine>.
WARNING:Xst:2677 - Node <_processor/result_23> of sequential type is unconnected in block <machine>.
WARNING:Xst:2677 - Node <_processor/result_22> of sequential type is unconnected in block <machine>.
WARNING:Xst:2677 - Node <_processor/result_21> of sequential type is unconnected in block <machine>.
WARNING:Xst:2677 - Node <_processor/result_20> of sequential type is unconnected in block <machine>.
WARNING:Xst:2677 - Node <_processor/result_19> of sequential type is unconnected in block <machine>.
WARNING:Xst:2677 - Node <_processor/result_18> of sequential type is unconnected in block <machine>.
WARNING:Xst:2677 - Node <_processor/result_17> of sequential type is unconnected in block <machine>.
WARNING:Xst:2677 - Node <_processor/result_16> of sequential type is unconnected in block <machine>.
WARNING:Xst:2677 - Node <_processor/result_15> of sequential type is unconnected in block <machine>.
WARNING:Xst:2677 - Node <_processor/result_14> of sequential type is unconnected in block <machine>.
WARNING:Xst:2677 - Node <_processor/result_13> of sequential type is unconnected in block <machine>.
WARNING:Xst:2677 - Node <_processor/result_12> of sequential type is unconnected in block <machine>.
WARNING:Xst:2677 - Node <_processor/result_11> of sequential type is unconnected in block <machine>.
WARNING:Xst:2677 - Node <_processor/result_10> of sequential type is unconnected in block <machine>.
WARNING:Xst:2677 - Node <_processor/result_9> of sequential type is unconnected in block <machine>.
WARNING:Xst:2677 - Node <_processor/result_8> of sequential type is unconnected in block <machine>.
WARNING:Xst:2677 - Node <_processor/write_data_31> of sequential type is unconnected in block <machine>.
WARNING:Xst:2677 - Node <_processor/write_data_30> of sequential type is unconnected in block <machine>.
WARNING:Xst:2677 - Node <_processor/write_data_29> of sequential type is unconnected in block <machine>.
WARNING:Xst:2677 - Node <_processor/write_data_28> of sequential type is unconnected in block <machine>.
WARNING:Xst:2677 - Node <_processor/write_data_27> of sequential type is unconnected in block <machine>.
WARNING:Xst:2677 - Node <_processor/write_data_26> of sequential type is unconnected in block <machine>.
WARNING:Xst:2677 - Node <_processor/write_data_25> of sequential type is unconnected in block <machine>.
WARNING:Xst:2677 - Node <_processor/write_data_24> of sequential type is unconnected in block <machine>.
WARNING:Xst:2677 - Node <_processor/write_data_23> of sequential type is unconnected in block <machine>.
WARNING:Xst:2677 - Node <_processor/write_data_22> of sequential type is unconnected in block <machine>.
WARNING:Xst:2677 - Node <_processor/write_data_21> of sequential type is unconnected in block <machine>.
WARNING:Xst:2677 - Node <_processor/write_data_20> of sequential type is unconnected in block <machine>.
WARNING:Xst:2677 - Node <_processor/write_data_19> of sequential type is unconnected in block <machine>.
WARNING:Xst:2677 - Node <_processor/write_data_18> of sequential type is unconnected in block <machine>.
WARNING:Xst:2677 - Node <_processor/write_data_17> of sequential type is unconnected in block <machine>.
WARNING:Xst:2677 - Node <_processor/write_data_16> of sequential type is unconnected in block <machine>.
WARNING:Xst:2677 - Node <_processor/write_data_15> of sequential type is unconnected in block <machine>.
WARNING:Xst:2677 - Node <_processor/write_data_14> of sequential type is unconnected in block <machine>.
WARNING:Xst:2677 - Node <_processor/write_data_13> of sequential type is unconnected in block <machine>.
WARNING:Xst:2677 - Node <_processor/write_data_12> of sequential type is unconnected in block <machine>.
WARNING:Xst:2677 - Node <_processor/write_data_11> of sequential type is unconnected in block <machine>.
WARNING:Xst:2677 - Node <_processor/write_data_10> of sequential type is unconnected in block <machine>.
WARNING:Xst:2677 - Node <_processor/write_data_9> of sequential type is unconnected in block <machine>.
WARNING:Xst:2677 - Node <_processor/write_data_8> of sequential type is unconnected in block <machine>.
WARNING:Xst:2677 - Node <_processor/_regfile/Mram_regs32> of sequential type is unconnected in block <machine>.
WARNING:Xst:2677 - Node <_processor/_regfile/Mram_regs31> of sequential type is unconnected in block <machine>.
WARNING:Xst:2677 - Node <_processor/_regfile/Mram_regs30> of sequential type is unconnected in block <machine>.
WARNING:Xst:2677 - Node <_processor/_regfile/Mram_regs29> of sequential type is unconnected in block <machine>.
WARNING:Xst:2677 - Node <_processor/_regfile/Mram_regs28> of sequential type is unconnected in block <machine>.
WARNING:Xst:2677 - Node <_processor/_regfile/Mram_regs27> of sequential type is unconnected in block <machine>.
WARNING:Xst:2677 - Node <_processor/_regfile/Mram_regs26> of sequential type is unconnected in block <machine>.
WARNING:Xst:2677 - Node <_processor/_regfile/Mram_regs25> of sequential type is unconnected in block <machine>.
WARNING:Xst:2677 - Node <_processor/_regfile/Mram_regs24> of sequential type is unconnected in block <machine>.
WARNING:Xst:2677 - Node <_processor/_regfile/Mram_regs23> of sequential type is unconnected in block <machine>.
WARNING:Xst:2677 - Node <_processor/_regfile/Mram_regs22> of sequential type is unconnected in block <machine>.
WARNING:Xst:2677 - Node <_processor/_regfile/Mram_regs21> of sequential type is unconnected in block <machine>.
WARNING:Xst:2677 - Node <_processor/_regfile/Mram_regs20> of sequential type is unconnected in block <machine>.
WARNING:Xst:2677 - Node <_processor/_regfile/Mram_regs19> of sequential type is unconnected in block <machine>.
WARNING:Xst:2677 - Node <_processor/_regfile/Mram_regs18> of sequential type is unconnected in block <machine>.
WARNING:Xst:2677 - Node <_processor/_regfile/Mram_regs17> of sequential type is unconnected in block <machine>.
WARNING:Xst:2677 - Node <_processor/_regfile/Mram_regs16> of sequential type is unconnected in block <machine>.
WARNING:Xst:2677 - Node <_processor/_regfile/Mram_regs15> of sequential type is unconnected in block <machine>.
WARNING:Xst:2677 - Node <_processor/_regfile/Mram_regs14> of sequential type is unconnected in block <machine>.
WARNING:Xst:2677 - Node <_processor/_regfile/Mram_regs13> of sequential type is unconnected in block <machine>.
WARNING:Xst:2677 - Node <_processor/_regfile/Mram_regs12> of sequential type is unconnected in block <machine>.
WARNING:Xst:2677 - Node <_processor/_regfile/Mram_regs11> of sequential type is unconnected in block <machine>.
WARNING:Xst:2677 - Node <_processor/_regfile/Mram_regs10> of sequential type is unconnected in block <machine>.
WARNING:Xst:2677 - Node <_processor/_regfile/Mram_regs9> of sequential type is unconnected in block <machine>.
WARNING:Xst:2677 - Node <_processor/_regfile/data_b_31> of sequential type is unconnected in block <machine>.
WARNING:Xst:2677 - Node <_processor/_regfile/data_b_30> of sequential type is unconnected in block <machine>.
WARNING:Xst:2677 - Node <_processor/_regfile/data_b_29> of sequential type is unconnected in block <machine>.
WARNING:Xst:2677 - Node <_processor/_regfile/data_b_28> of sequential type is unconnected in block <machine>.
WARNING:Xst:2677 - Node <_processor/_regfile/data_b_27> of sequential type is unconnected in block <machine>.
WARNING:Xst:2677 - Node <_processor/_regfile/data_b_26> of sequential type is unconnected in block <machine>.
WARNING:Xst:2677 - Node <_processor/_regfile/data_b_25> of sequential type is unconnected in block <machine>.
WARNING:Xst:2677 - Node <_processor/_regfile/data_b_24> of sequential type is unconnected in block <machine>.
WARNING:Xst:2677 - Node <_processor/_regfile/data_b_23> of sequential type is unconnected in block <machine>.
WARNING:Xst:2677 - Node <_processor/_regfile/data_b_22> of sequential type is unconnected in block <machine>.
WARNING:Xst:2677 - Node <_processor/_regfile/data_b_21> of sequential type is unconnected in block <machine>.
WARNING:Xst:2677 - Node <_processor/_regfile/data_b_20> of sequential type is unconnected in block <machine>.
WARNING:Xst:2677 - Node <_processor/_regfile/data_b_19> of sequential type is unconnected in block <machine>.
WARNING:Xst:2677 - Node <_processor/_regfile/data_b_18> of sequential type is unconnected in block <machine>.
WARNING:Xst:2677 - Node <_processor/_regfile/data_b_17> of sequential type is unconnected in block <machine>.
WARNING:Xst:2677 - Node <_processor/_regfile/data_b_16> of sequential type is unconnected in block <machine>.
WARNING:Xst:2677 - Node <_processor/_regfile/data_b_15> of sequential type is unconnected in block <machine>.
WARNING:Xst:2677 - Node <_processor/_regfile/data_b_14> of sequential type is unconnected in block <machine>.
WARNING:Xst:2677 - Node <_processor/_regfile/data_b_13> of sequential type is unconnected in block <machine>.
WARNING:Xst:2677 - Node <_processor/_regfile/data_b_12> of sequential type is unconnected in block <machine>.
WARNING:Xst:2677 - Node <_processor/_regfile/data_b_11> of sequential type is unconnected in block <machine>.
WARNING:Xst:2677 - Node <_processor/_regfile/data_b_10> of sequential type is unconnected in block <machine>.
WARNING:Xst:2677 - Node <_processor/_regfile/data_b_9> of sequential type is unconnected in block <machine>.
WARNING:Xst:2677 - Node <_processor/_regfile/data_b_8> of sequential type is unconnected in block <machine>.
WARNING:Xst:2677 - Node <_processor/_regfile/data_a_31> of sequential type is unconnected in block <machine>.
WARNING:Xst:2677 - Node <_processor/_regfile/data_a_30> of sequential type is unconnected in block <machine>.
WARNING:Xst:2677 - Node <_processor/_regfile/data_a_29> of sequential type is unconnected in block <machine>.
WARNING:Xst:2677 - Node <_processor/_regfile/data_a_28> of sequential type is unconnected in block <machine>.
WARNING:Xst:2677 - Node <_processor/_regfile/data_a_27> of sequential type is unconnected in block <machine>.
WARNING:Xst:2677 - Node <_processor/_regfile/data_a_26> of sequential type is unconnected in block <machine>.
WARNING:Xst:2677 - Node <_processor/_regfile/data_a_25> of sequential type is unconnected in block <machine>.
WARNING:Xst:2677 - Node <_processor/_regfile/data_a_24> of sequential type is unconnected in block <machine>.
WARNING:Xst:2677 - Node <_processor/_regfile/data_a_23> of sequential type is unconnected in block <machine>.
WARNING:Xst:2677 - Node <_processor/_regfile/data_a_22> of sequential type is unconnected in block <machine>.
WARNING:Xst:2677 - Node <_processor/_regfile/data_a_21> of sequential type is unconnected in block <machine>.
WARNING:Xst:2677 - Node <_processor/_regfile/data_a_20> of sequential type is unconnected in block <machine>.
WARNING:Xst:2677 - Node <_processor/_regfile/data_a_19> of sequential type is unconnected in block <machine>.
WARNING:Xst:2677 - Node <_processor/_regfile/data_a_18> of sequential type is unconnected in block <machine>.
WARNING:Xst:2677 - Node <_processor/_regfile/data_a_17> of sequential type is unconnected in block <machine>.
WARNING:Xst:2677 - Node <_processor/_regfile/data_a_16> of sequential type is unconnected in block <machine>.
WARNING:Xst:2677 - Node <_processor/_regfile/data_a_15> of sequential type is unconnected in block <machine>.
WARNING:Xst:2677 - Node <_processor/_regfile/data_a_14> of sequential type is unconnected in block <machine>.
WARNING:Xst:2677 - Node <_processor/_regfile/data_a_13> of sequential type is unconnected in block <machine>.
WARNING:Xst:2677 - Node <_processor/_regfile/data_a_12> of sequential type is unconnected in block <machine>.
WARNING:Xst:2677 - Node <_processor/_regfile/data_a_11> of sequential type is unconnected in block <machine>.
WARNING:Xst:2677 - Node <_processor/_regfile/data_a_10> of sequential type is unconnected in block <machine>.
WARNING:Xst:2677 - Node <_processor/_regfile/data_a_9> of sequential type is unconnected in block <machine>.
WARNING:Xst:2677 - Node <_processor/_regfile/data_a_8> of sequential type is unconnected in block <machine>.

Mapping all equations...
Building and optimizing final netlist ...
Found area constraint ratio of 100 (+ 5) on block machine, actual ratio is 6.

Final Macro Processing ...

=========================================================================
Final Register Report

Macro Statistics
# Registers                                            : 75
 Flip-Flops                                            : 75

=========================================================================

=========================================================================
*                           Partition Report                            *
=========================================================================

Partition Implementation Status
-------------------------------

  No Partitions were found in this design.

-------------------------------

=========================================================================
*                            Design Summary                             *
=========================================================================

Top Level Output File Name         : machine.ngc

Primitive and Black Box Usage:
------------------------------
# BELS                             : 1103
#      GND                         : 1
#      INV                         : 18
#      LUT1                        : 71
#      LUT2                        : 33
#      LUT3                        : 98
#      LUT4                        : 5
#      LUT5                        : 183
#      LUT6                        : 197
#      MUXCY                       : 251
#      MUXF7                       : 8
#      VCC                         : 1
#      XORCY                       : 237
# FlipFlops/Latches                : 75
#      FD                          : 56
#      FDE                         : 19
# RAMS                             : 8
#      RAM16X1D                    : 8
# Clock Buffers                    : 1
#      BUFGP                       : 1
# IO Buffers                       : 8
#      OBUF                        : 8

Device utilization summary:
---------------------------

Selected Device : 6slx16csg324-2 


Slice Logic Utilization: 
 Number of Slice Registers:              75  out of  18224     0%  
 Number of Slice LUTs:                  621  out of   9112     6%  
    Number used as Logic:               605  out of   9112     6%  
    Number used as Memory:               16  out of   2176     0%  
       Number used as RAM:               16

Slice Logic Distribution: 
 Number of LUT Flip Flop pairs used:    663
   Number with an unused Flip Flop:     588  out of    663    88%  
   Number with an unused LUT:            42  out of    663     6%  
   Number of fully used LUT-FF pairs:    33  out of    663     4%  
   Number of unique control sets:         2

IO Utilization: 
 Number of IOs:                           9
 Number of bonded IOBs:                   9  out of    232     3%  

Specific Feature Utilization:
 Number of BUFG/BUFGCTRLs:                1  out of     16     6%  

---------------------------
Partition Resource Summary:
---------------------------

  No Partitions were found in this design.

---------------------------


=========================================================================
Timing Report

NOTE: THESE TIMING NUMBERS ARE ONLY A SYNTHESIS ESTIMATE.
      FOR ACCURATE TIMING INFORMATION PLEASE REFER TO THE TRACE REPORT
      GENERATED AFTER PLACE-and-ROUTE.

Clock Information:
------------------
-----------------------------------+------------------------+-------+
Clock Signal                       | Clock buffer(FF name)  | Load  |
-----------------------------------+------------------------+-------+
clk                                | BUFGP                  | 83    |
-----------------------------------+------------------------+-------+

Asynchronous Control Signals Information:
----------------------------------------
No asynchronous control signals found in this design

Timing Summary:
---------------
Speed Grade: -2

   Minimum period: 34.292ns (Maximum Frequency: 29.161MHz)
   Minimum input arrival time before clock: No path found
   Maximum output required time after clock: 4.118ns
   Maximum combinational path delay: No path found

Timing Details:
---------------
All values displayed in nanoseconds (ns)

=========================================================================
Timing constraint: Default period analysis for Clock 'clk'
  Clock period: 34.292ns (frequency: 29.161MHz)
  Total number of paths / destination ports: 12916213185741520 / 126
-------------------------------------------------------------------------
Delay:               34.292ns (Levels of Logic = 60)
  Source:            _processor/timer_0 (FF)
  Destination:       _processor/address_2 (FF)
  Source Clock:      clk rising
  Destination Clock: clk rising

  Data Path: _processor/timer_0 to _processor/address_2
                                Gate     Net
    Cell:in->out      fanout   Delay   Delay  Logical Name (Net Name)
    ----------------------------------------  ------------
     FD:C->Q               2   0.525   0.725  _processor/timer_0 (_processor/timer_0)
     INV:I->O              1   0.255   0.000  _processor/Madd_timer[31]_GND_2_o_add_5_OUT_lut<0>_INV_0 (_processor/Madd_timer[31]_GND_2_o_add_5_OUT_lut<0>)
     MUXCY:S->O            1   0.215   0.000  _processor/Madd_timer[31]_GND_2_o_add_5_OUT_cy<0> (_processor/Madd_timer[31]_GND_2_o_add_5_OUT_cy<0>)
     MUXCY:CI->O           1   0.023   0.000  _processor/Madd_timer[31]_GND_2_o_add_5_OUT_cy<1> (_processor/Madd_timer[31]_GND_2_o_add_5_OUT_cy<1>)
     MUXCY:CI->O           1   0.023   0.000  _processor/Madd_timer[31]_GND_2_o_add_5_OUT_cy<2> (_processor/Madd_timer[31]_GND_2_o_add_5_OUT_cy<2>)
     MUXCY:CI->O           1   0.023   0.000  _processor/Madd_timer[31]_GND_2_o_add_5_OUT_cy<3> (_processor/Madd_timer[31]_GND_2_o_add_5_OUT_cy<3>)
     MUXCY:CI->O           1   0.023   0.000  _processor/Madd_timer[31]_GND_2_o_add_5_OUT_cy<4> (_processor/Madd_timer[31]_GND_2_o_add_5_OUT_cy<4>)
     MUXCY:CI->O           1   0.023   0.000  _processor/Madd_timer[31]_GND_2_o_add_5_OUT_cy<5> (_processor/Madd_timer[31]_GND_2_o_add_5_OUT_cy<5>)
     MUXCY:CI->O           1   0.023   0.000  _processor/Madd_timer[31]_GND_2_o_add_5_OUT_cy<6> (_processor/Madd_timer[31]_GND_2_o_add_5_OUT_cy<6>)
     MUXCY:CI->O           1   0.023   0.000  _processor/Madd_timer[31]_GND_2_o_add_5_OUT_cy<7> (_processor/Madd_timer[31]_GND_2_o_add_5_OUT_cy<7>)
     MUXCY:CI->O           1   0.023   0.000  _processor/Madd_timer[31]_GND_2_o_add_5_OUT_cy<8> (_processor/Madd_timer[31]_GND_2_o_add_5_OUT_cy<8>)
     MUXCY:CI->O           1   0.023   0.000  _processor/Madd_timer[31]_GND_2_o_add_5_OUT_cy<9> (_processor/Madd_timer[31]_GND_2_o_add_5_OUT_cy<9>)
     MUXCY:CI->O           1   0.023   0.000  _processor/Madd_timer[31]_GND_2_o_add_5_OUT_cy<10> (_processor/Madd_timer[31]_GND_2_o_add_5_OUT_cy<10>)
     MUXCY:CI->O           1   0.023   0.000  _processor/Madd_timer[31]_GND_2_o_add_5_OUT_cy<11> (_processor/Madd_timer[31]_GND_2_o_add_5_OUT_cy<11>)
     MUXCY:CI->O           1   0.023   0.000  _processor/Madd_timer[31]_GND_2_o_add_5_OUT_cy<12> (_processor/Madd_timer[31]_GND_2_o_add_5_OUT_cy<12>)
     MUXCY:CI->O           1   0.023   0.000  _processor/Madd_timer[31]_GND_2_o_add_5_OUT_cy<13> (_processor/Madd_timer[31]_GND_2_o_add_5_OUT_cy<13>)
     MUXCY:CI->O           1   0.023   0.000  _processor/Madd_timer[31]_GND_2_o_add_5_OUT_cy<14> (_processor/Madd_timer[31]_GND_2_o_add_5_OUT_cy<14>)
     MUXCY:CI->O           1   0.023   0.000  _processor/Madd_timer[31]_GND_2_o_add_5_OUT_cy<15> (_processor/Madd_timer[31]_GND_2_o_add_5_OUT_cy<15>)
     MUXCY:CI->O           1   0.023   0.000  _processor/Madd_timer[31]_GND_2_o_add_5_OUT_cy<16> (_processor/Madd_timer[31]_GND_2_o_add_5_OUT_cy<16>)
     MUXCY:CI->O           1   0.023   0.000  _processor/Madd_timer[31]_GND_2_o_add_5_OUT_cy<17> (_processor/Madd_timer[31]_GND_2_o_add_5_OUT_cy<17>)
     MUXCY:CI->O           1   0.023   0.000  _processor/Madd_timer[31]_GND_2_o_add_5_OUT_cy<18> (_processor/Madd_timer[31]_GND_2_o_add_5_OUT_cy<18>)
     MUXCY:CI->O           1   0.023   0.000  _processor/Madd_timer[31]_GND_2_o_add_5_OUT_cy<19> (_processor/Madd_timer[31]_GND_2_o_add_5_OUT_cy<19>)
     MUXCY:CI->O           1   0.023   0.000  _processor/Madd_timer[31]_GND_2_o_add_5_OUT_cy<20> (_processor/Madd_timer[31]_GND_2_o_add_5_OUT_cy<20>)
     MUXCY:CI->O           1   0.023   0.000  _processor/Madd_timer[31]_GND_2_o_add_5_OUT_cy<21> (_processor/Madd_timer[31]_GND_2_o_add_5_OUT_cy<21>)
     MUXCY:CI->O           1   0.023   0.000  _processor/Madd_timer[31]_GND_2_o_add_5_OUT_cy<22> (_processor/Madd_timer[31]_GND_2_o_add_5_OUT_cy<22>)
     XORCY:CI->O           7   0.206   1.138  _processor/Madd_timer[31]_GND_2_o_add_5_OUT_xor<23> (_processor/timer[31]_PWR_2_o_mod_6/Madd_GND_4_o_b[24]_add_33_OUT_Madd_cy<23>)
     LUT3:I0->O            8   0.235   0.944  _processor/timer[31]_PWR_2_o_mod_6/BUS_0026_INV_1152_o26 (_processor/timer[31]_PWR_2_o_mod_6/BUS_0026_INV_1152_o25)
     LUT6:I5->O            9   0.254   0.976  _processor/timer[31]_PWR_2_o_mod_6/BUS_0026_INV_1152_o27_SW5_2 (_processor/timer[31]_PWR_2_o_mod_6/BUS_0026_INV_1152_o27_SW51)
     LUT6:I5->O            4   0.254   1.080  _processor/timer[31]_PWR_2_o_mod_6/Mmux_a[0]_a[31]_MUX_2314_o1101 (_processor/timer[31]_PWR_2_o_mod_6/a[19]_a[31]_MUX_2295_o)
     LUT6:I2->O            5   0.254   0.841  _processor/timer[31]_PWR_2_o_mod_6/BUS_0027_INV_1185_o35_1 (_processor/timer[31]_PWR_2_o_mod_6/BUS_0027_INV_1185_o35)
     LUT6:I5->O            1   0.254   1.112  _processor/timer[31]_PWR_2_o_mod_6/Mmux_a[0]_a[31]_MUX_2346_o161 (_processor/timer[31]_PWR_2_o_mod_6/a[15]_a[31]_MUX_2331_o)
     LUT6:I1->O            5   0.254   0.841  _processor/timer[31]_PWR_2_o_mod_6/BUS_0028_INV_1218_o35_SW0 (N2)
     LUT6:I5->O           13   0.254   1.098  _processor/timer[31]_PWR_2_o_mod_6/BUS_0028_INV_1218_o35_1 (_processor/timer[31]_PWR_2_o_mod_6/BUS_0028_INV_1218_o35)
     LUT6:I5->O            6   0.254   1.306  _processor/timer[31]_PWR_2_o_mod_6/Mmux_a[0]_a[31]_MUX_2378_o171 (_processor/timer[31]_PWR_2_o_mod_6/a[16]_a[31]_MUX_2362_o)
     LUT5:I0->O            1   0.254   0.000  _processor/timer[31]_PWR_2_o_mod_6/Mcompar_BUS_0029_INV_1251_o_lut<1> (_processor/timer[31]_PWR_2_o_mod_6/Mcompar_BUS_0029_INV_1251_o_lut<1>)
     MUXCY:S->O            1   0.215   0.000  _processor/timer[31]_PWR_2_o_mod_6/Mcompar_BUS_0029_INV_1251_o_cy<1> (_processor/timer[31]_PWR_2_o_mod_6/Mcompar_BUS_0029_INV_1251_o_cy<1>)
     MUXCY:CI->O           1   0.023   0.000  _processor/timer[31]_PWR_2_o_mod_6/Mcompar_BUS_0029_INV_1251_o_cy<2> (_processor/timer[31]_PWR_2_o_mod_6/Mcompar_BUS_0029_INV_1251_o_cy<2>)
     MUXCY:CI->O           1   0.023   0.000  _processor/timer[31]_PWR_2_o_mod_6/Mcompar_BUS_0029_INV_1251_o_cy<3> (_processor/timer[31]_PWR_2_o_mod_6/Mcompar_BUS_0029_INV_1251_o_cy<3>)
     MUXCY:CI->O          80   0.235   2.054  _processor/timer[31]_PWR_2_o_mod_6/Mcompar_BUS_0029_INV_1251_o_cy<4> (_processor/timer[31]_PWR_2_o_mod_6/BUS_0029_INV_1251_o)
     LUT5:I4->O            6   0.254   1.306  _processor/timer[31]_PWR_2_o_mod_6/Mmux_a[0]_a[31]_MUX_2410_o1141 (_processor/timer[31]_PWR_2_o_mod_6/a[22]_a[31]_MUX_2388_o)
     LUT5:I0->O            0   0.254   0.000  _processor/timer[31]_PWR_2_o_mod_6/Mcompar_BUS_0030_INV_1284_o_lutdi2 (_processor/timer[31]_PWR_2_o_mod_6/Mcompar_BUS_0030_INV_1284_o_lutdi2)
     MUXCY:DI->O           1   0.181   0.000  _processor/timer[31]_PWR_2_o_mod_6/Mcompar_BUS_0030_INV_1284_o_cy<2> (_processor/timer[31]_PWR_2_o_mod_6/Mcompar_BUS_0030_INV_1284_o_cy<2>)
     MUXCY:CI->O           1   0.023   0.000  _processor/timer[31]_PWR_2_o_mod_6/Mcompar_BUS_0030_INV_1284_o_cy<3> (_processor/timer[31]_PWR_2_o_mod_6/Mcompar_BUS_0030_INV_1284_o_cy<3>)
     MUXCY:CI->O          78   0.235   2.038  _processor/timer[31]_PWR_2_o_mod_6/Mcompar_BUS_0030_INV_1284_o_cy<4> (_processor/timer[31]_PWR_2_o_mod_6/BUS_0030_INV_1284_o)
     LUT5:I4->O            6   0.254   1.306  _processor/timer[31]_PWR_2_o_mod_6/Mmux_a[0]_a[31]_MUX_2442_o191 (_processor/timer[31]_PWR_2_o_mod_6/a[18]_a[31]_MUX_2424_o)
     LUT5:I0->O            0   0.254   0.000  _processor/timer[31]_PWR_2_o_mod_6/Mcompar_BUS_0031_INV_1317_o_lutdi1 (_processor/timer[31]_PWR_2_o_mod_6/Mcompar_BUS_0031_INV_1317_o_lutdi1)
     MUXCY:DI->O           1   0.181   0.000  _processor/timer[31]_PWR_2_o_mod_6/Mcompar_BUS_0031_INV_1317_o_cy<1> (_processor/timer[31]_PWR_2_o_mod_6/Mcompar_BUS_0031_INV_1317_o_cy<1>)
     MUXCY:CI->O           1   0.023   0.000  _processor/timer[31]_PWR_2_o_mod_6/Mcompar_BUS_0031_INV_1317_o_cy<2> (_processor/timer[31]_PWR_2_o_mod_6/Mcompar_BUS_0031_INV_1317_o_cy<2>)
     MUXCY:CI->O           1   0.023   0.000  _processor/timer[31]_PWR_2_o_mod_6/Mcompar_BUS_0031_INV_1317_o_cy<3> (_processor/timer[31]_PWR_2_o_mod_6/Mcompar_BUS_0031_INV_1317_o_cy<3>)
     MUXCY:CI->O          81   0.235   2.062  _processor/timer[31]_PWR_2_o_mod_6/Mcompar_BUS_0031_INV_1317_o_cy<4> (_processor/timer[31]_PWR_2_o_mod_6/BUS_0031_INV_1317_o)
     LUT5:I4->O            5   0.254   1.271  _processor/timer[31]_PWR_2_o_mod_6/Mmux_a[0]_a[31]_MUX_2474_o181 (_processor/timer[31]_PWR_2_o_mod_6/a[17]_a[31]_MUX_2457_o)
     LUT5:I0->O            0   0.254   0.000  _processor/timer[31]_PWR_2_o_mod_6/Mcompar_BUS_0032_INV_1350_o_lutdi1 (_processor/timer[31]_PWR_2_o_mod_6/Mcompar_BUS_0032_INV_1350_o_lutdi1)
     MUXCY:DI->O           1   0.181   0.000  _processor/timer[31]_PWR_2_o_mod_6/Mcompar_BUS_0032_INV_1350_o_cy<1> (_processor/timer[31]_PWR_2_o_mod_6/Mcompar_BUS_0032_INV_1350_o_cy<1>)
     MUXCY:CI->O           1   0.023   0.000  _processor/timer[31]_PWR_2_o_mod_6/Mcompar_BUS_0032_INV_1350_o_cy<2> (_processor/timer[31]_PWR_2_o_mod_6/Mcompar_BUS_0032_INV_1350_o_cy<2>)
     MUXCY:CI->O           1   0.023   0.000  _processor/timer[31]_PWR_2_o_mod_6/Mcompar_BUS_0032_INV_1350_o_cy<3> (_processor/timer[31]_PWR_2_o_mod_6/Mcompar_BUS_0032_INV_1350_o_cy<3>)
     MUXCY:CI->O          43   0.235   1.704  _processor/timer[31]_PWR_2_o_mod_6/Mcompar_BUS_0032_INV_1350_o_cy<4> (_processor/timer[31]_PWR_2_o_mod_6/BUS_0032_INV_1350_o)
     LUT3:I2->O            2   0.254   1.156  _processor/timer[31]_PWR_2_o_mod_6/Mmux_a[0]_a[31]_MUX_2506_o1231 (_processor/timer[31]_PWR_2_o_mod_6/a[8]_a[31]_MUX_2498_o)
     LUT6:I1->O            1   0.254   0.682  _processor/_n0135<0>3 (_processor/_n0135<0>2)
     LUT3:I2->O            1   0.254   0.682  _processor/_n0135<0>10_rstpot_SW0 (N65)
     LUT6:I5->O           19   0.254   1.261  _processor/_n0135<0>10_rstpot (_processor/_n0135<0>10_rstpot)
     LUT5:I4->O            1   0.254   0.000  _processor/write_data_1_dpot (_processor/write_data_1_dpot)
     FDE:D                     0.074          _processor/write_data_1
    ----------------------------------------
    Total                     34.292ns (8.709ns logic, 25.583ns route)
                                       (25.4% logic, 74.6% route)

=========================================================================
Timing constraint: Default OFFSET OUT AFTER for Clock 'clk'
  Total number of paths / destination ports: 8 / 8
-------------------------------------------------------------------------
Offset:              4.118ns (Levels of Logic = 1)
  Source:            out_7 (FF)
  Destination:       out<7> (PAD)
  Source Clock:      clk rising

  Data Path: out_7 to out<7>
                                Gate     Net
    Cell:in->out      fanout   Delay   Delay  Logical Name (Net Name)
    ----------------------------------------  ------------
     FD:C->Q               1   0.525   0.681  out_7 (out_7)
     OBUF:I->O                 2.912          out_7_OBUF (out<7>)
    ----------------------------------------
    Total                      4.118ns (3.437ns logic, 0.681ns route)
                                       (83.5% logic, 16.5% route)

=========================================================================

Cross Clock Domains Report:
--------------------------

Clock to Setup on destination clock clk
---------------+---------+---------+---------+---------+
               | Src:Rise| Src:Fall| Src:Rise| Src:Fall|
Source Clock   |Dest:Rise|Dest:Rise|Dest:Fall|Dest:Fall|
---------------+---------+---------+---------+---------+
clk            |   34.292|         |         |         |
---------------+---------+---------+---------+---------+

=========================================================================


Total REAL time to Xst completion: 22.00 secs
Total CPU time to Xst completion: 22.01 secs
 
--> 


Total memory usage is 500132 kilobytes

Number of errors   :    0 (   0 filtered)
Number of warnings :  151 (   0 filtered)
Number of infos    :    2 (   0 filtered)

