Release 14.7 - xst P.20131013 (lin64)
Copyright (c) 1995-2013 Xilinx, Inc.  All rights reserved.
--> 
Parameter TMPDIR set to xst/projnav.tmp


Total REAL time to Xst completion: 0.00 secs
Total CPU time to Xst completion: 0.09 secs
 
--> 
Parameter xsthdpdir set to xst


Total REAL time to Xst completion: 0.00 secs
Total CPU time to Xst completion: 0.10 secs
 
--> 
Reading design: machine.prj

TABLE OF CONTENTS
  1) Synthesis Options Summary
  2) HDL Parsing
  3) HDL Elaboration
  4) HDL Synthesis
       4.1) HDL Synthesis Report
  5) Advanced HDL Synthesis
       5.1) Advanced HDL Synthesis Report
  6) Low Level Synthesis
  7) Partition Report
  8) Design Summary
       8.1) Primitive and Black Box Usage
       8.2) Device utilization summary
       8.3) Partition Resource Summary
       8.4) Timing Report
            8.4.1) Clock Information
            8.4.2) Asynchronous Control Signals Information
            8.4.3) Timing Summary
            8.4.4) Timing Details
            8.4.5) Cross Clock Domains Report


=========================================================================
*                      Synthesis Options Summary                        *
=========================================================================
---- Source Parameters
Input File Name                    : "machine.prj"
Ignore Synthesis Constraint File   : NO

---- Target Parameters
Output File Name                   : "machine"
Output Format                      : NGC
Target Device                      : xc6slx16-2-csg324

---- Source Options
Top Module Name                    : machine
Automatic FSM Extraction           : YES
FSM Encoding Algorithm             : Auto
Safe Implementation                : No
FSM Style                          : LUT
RAM Extraction                     : Yes
RAM Style                          : Auto
ROM Extraction                     : Yes
Shift Register Extraction          : YES
ROM Style                          : Auto
Resource Sharing                   : YES
Asynchronous To Synchronous        : NO
Shift Register Minimum Size        : 2
Use DSP Block                      : Auto
Automatic Register Balancing       : No

---- Target Options
LUT Combining                      : Auto
Reduce Control Sets                : Auto
Add IO Buffers                     : YES
Global Maximum Fanout              : 100000
Add Generic Clock Buffer(BUFG)     : 16
Register Duplication               : YES
Optimize Instantiated Primitives   : NO
Use Clock Enable                   : Auto
Use Synchronous Set                : Auto
Use Synchronous Reset              : Auto
Pack IO Registers into IOBs        : Auto
Equivalent register Removal        : YES

---- General Options
Optimization Goal                  : Speed
Optimization Effort                : 1
Power Reduction                    : NO
Keep Hierarchy                     : No
Netlist Hierarchy                  : As_Optimized
RTL Output                         : Yes
Global Optimization                : AllClockNets
Read Cores                         : YES
Write Timing Constraints           : NO
Cross Clock Analysis               : NO
Hierarchy Separator                : /
Bus Delimiter                      : <>
Case Specifier                     : Maintain
Slice Utilization Ratio            : 100
BRAM Utilization Ratio             : 100
DSP48 Utilization Ratio            : 100
Auto BRAM Packing                  : NO
Slice Utilization Ratio Delta      : 5

=========================================================================


=========================================================================
*                          HDL Parsing                                  *
=========================================================================
Analyzing Verilog file "/home/011/e/ex/exh150330/repos/fpga-proc/proj/program_rom.v" into library work
Parsing module <program_rom>.
Analyzing Verilog file "/home/011/e/ex/exh150330/repos/fpga-proc/proj/processor.v" into library work
Parsing module <processor>.
Analyzing Verilog file "/home/011/e/ex/exh150330/repos/fpga-proc/proj/machine.v" into library work
Parsing module <machine>.

=========================================================================
*                            HDL Elaboration                            *
=========================================================================

Elaborating module <machine>.

Elaborating module <processor>.
WARNING:HDLCompiler:413 - "/home/011/e/ex/exh150330/repos/fpga-proc/proj/processor.v" Line 23: Result of 4-bit expression is truncated to fit in 3-bit target.

Elaborating module <program_rom>.

=========================================================================
*                           HDL Synthesis                               *
=========================================================================

Synthesizing Unit <machine>.
    Related source file is "/home/011/e/ex/exh150330/repos/fpga-proc/proj/machine.v".
    Found 8-bit register for signal <out>.
    Summary:
	inferred   8 D-type flip-flop(s).
Unit <machine> synthesized.

Synthesizing Unit <processor>.
    Related source file is "/home/011/e/ex/exh150330/repos/fpga-proc/proj/processor.v".
    Found 3-bit register for signal <address>.
    Found 8-bit register for signal <result>.
    Found 32-bit register for signal <timer>.
    Found 32-bit adder for signal <timer[31]_GND_2_o_add_1_OUT> created at line 19.
    Found 3-bit adder for signal <address[2]_GND_2_o_add_4_OUT> created at line 23.
    Summary:
	inferred   2 Adder/Subtractor(s).
	inferred  43 D-type flip-flop(s).
Unit <processor> synthesized.

Synthesizing Unit <mod_32u_24u>.
    Related source file is "".
    Found 56-bit adder for signal <GND_3_o_b[23]_add_1_OUT> created at line 0.
    Found 55-bit adder for signal <GND_3_o_b[23]_add_3_OUT> created at line 0.
    Found 54-bit adder for signal <GND_3_o_b[23]_add_5_OUT> created at line 0.
    Found 53-bit adder for signal <GND_3_o_b[23]_add_7_OUT> created at line 0.
    Found 52-bit adder for signal <GND_3_o_b[23]_add_9_OUT> created at line 0.
    Found 51-bit adder for signal <GND_3_o_b[23]_add_11_OUT> created at line 0.
    Found 50-bit adder for signal <GND_3_o_b[23]_add_13_OUT> created at line 0.
    Found 49-bit adder for signal <GND_3_o_b[23]_add_15_OUT> created at line 0.
    Found 48-bit adder for signal <GND_3_o_b[23]_add_17_OUT> created at line 0.
    Found 47-bit adder for signal <GND_3_o_b[23]_add_19_OUT> created at line 0.
    Found 46-bit adder for signal <GND_3_o_b[23]_add_21_OUT> created at line 0.
    Found 45-bit adder for signal <GND_3_o_b[23]_add_23_OUT> created at line 0.
    Found 44-bit adder for signal <GND_3_o_b[23]_add_25_OUT> created at line 0.
    Found 43-bit adder for signal <GND_3_o_b[23]_add_27_OUT> created at line 0.
    Found 42-bit adder for signal <GND_3_o_b[23]_add_29_OUT> created at line 0.
    Found 41-bit adder for signal <GND_3_o_b[23]_add_31_OUT> created at line 0.
    Found 40-bit adder for signal <GND_3_o_b[23]_add_33_OUT> created at line 0.
    Found 39-bit adder for signal <GND_3_o_b[23]_add_35_OUT> created at line 0.
    Found 38-bit adder for signal <GND_3_o_b[23]_add_37_OUT> created at line 0.
    Found 37-bit adder for signal <GND_3_o_b[23]_add_39_OUT> created at line 0.
    Found 36-bit adder for signal <GND_3_o_b[23]_add_41_OUT> created at line 0.
    Found 35-bit adder for signal <GND_3_o_b[23]_add_43_OUT> created at line 0.
    Found 34-bit adder for signal <GND_3_o_b[23]_add_45_OUT> created at line 0.
    Found 33-bit adder for signal <GND_3_o_b[23]_add_47_OUT> created at line 0.
    Found 32-bit adder for signal <a[31]_b[23]_add_49_OUT> created at line 0.
    Found 32-bit adder for signal <a[31]_GND_3_o_add_51_OUT> created at line 0.
    Found 32-bit adder for signal <a[31]_GND_3_o_add_53_OUT> created at line 0.
    Found 32-bit adder for signal <a[31]_GND_3_o_add_55_OUT> created at line 0.
    Found 32-bit adder for signal <a[31]_GND_3_o_add_57_OUT> created at line 0.
    Found 32-bit adder for signal <a[31]_GND_3_o_add_59_OUT> created at line 0.
    Found 32-bit adder for signal <a[31]_GND_3_o_add_61_OUT> created at line 0.
    Found 32-bit adder for signal <a[31]_GND_3_o_add_63_OUT> created at line 0.
    Found 32-bit adder for signal <a[31]_GND_3_o_add_65_OUT> created at line 0.
    Found 56-bit comparator lessequal for signal <BUS_0001> created at line 0
    Found 55-bit comparator lessequal for signal <BUS_0002> created at line 0
    Found 54-bit comparator lessequal for signal <BUS_0003> created at line 0
    Found 53-bit comparator lessequal for signal <BUS_0004> created at line 0
    Found 52-bit comparator lessequal for signal <BUS_0005> created at line 0
    Found 51-bit comparator lessequal for signal <BUS_0006> created at line 0
    Found 50-bit comparator lessequal for signal <BUS_0007> created at line 0
    Found 49-bit comparator lessequal for signal <BUS_0008> created at line 0
    Found 48-bit comparator lessequal for signal <BUS_0009> created at line 0
    Found 47-bit comparator lessequal for signal <BUS_0010> created at line 0
    Found 46-bit comparator lessequal for signal <BUS_0011> created at line 0
    Found 45-bit comparator lessequal for signal <BUS_0012> created at line 0
    Found 44-bit comparator lessequal for signal <BUS_0013> created at line 0
    Found 43-bit comparator lessequal for signal <BUS_0014> created at line 0
    Found 42-bit comparator lessequal for signal <BUS_0015> created at line 0
    Found 41-bit comparator lessequal for signal <BUS_0016> created at line 0
    Found 40-bit comparator lessequal for signal <BUS_0017> created at line 0
    Found 39-bit comparator lessequal for signal <BUS_0018> created at line 0
    Found 38-bit comparator lessequal for signal <BUS_0019> created at line 0
    Found 37-bit comparator lessequal for signal <BUS_0020> created at line 0
    Found 36-bit comparator lessequal for signal <BUS_0021> created at line 0
    Found 35-bit comparator lessequal for signal <BUS_0022> created at line 0
    Found 34-bit comparator lessequal for signal <BUS_0023> created at line 0
    Found 33-bit comparator lessequal for signal <BUS_0024> created at line 0
    Found 32-bit comparator lessequal for signal <BUS_0025> created at line 0
    Found 32-bit comparator lessequal for signal <BUS_0026> created at line 0
    Found 32-bit comparator lessequal for signal <BUS_0027> created at line 0
    Found 32-bit comparator lessequal for signal <BUS_0028> created at line 0
    Found 32-bit comparator lessequal for signal <BUS_0029> created at line 0
    Found 32-bit comparator lessequal for signal <BUS_0030> created at line 0
    Found 32-bit comparator lessequal for signal <BUS_0031> created at line 0
    Found 32-bit comparator lessequal for signal <BUS_0032> created at line 0
    Found 32-bit comparator lessequal for signal <BUS_0033> created at line 0
    Summary:
	inferred  33 Adder/Subtractor(s).
	inferred  33 Comparator(s).
	inferred 1025 Multiplexer(s).
Unit <mod_32u_24u> synthesized.

Synthesizing Unit <program_rom>.
    Related source file is "/home/011/e/ex/exh150330/repos/fpga-proc/proj/program_rom.v".
WARNING:Xst:647 - Input <clk> is never used. This port will be preserved and left unconnected if it belongs to a top-level block or it belongs to a sub-block and the hierarchy of this sub-block is preserved.
WARNING:Xst:2999 - Signal 'inst_mem', unconnected in block 'program_rom', is tied to its initial value.
    Found 8x8-bit single-port Read Only RAM <Mram_inst_mem> for signal <inst_mem>.
    Summary:
	inferred   1 RAM(s).
Unit <program_rom> synthesized.

=========================================================================
HDL Synthesis Report

Macro Statistics
# RAMs                                                 : 1
 8x8-bit single-port Read Only RAM                     : 1
# Adders/Subtractors                                   : 35
 3-bit adder                                           : 1
 32-bit adder                                          : 10
 33-bit adder                                          : 1
 34-bit adder                                          : 1
 35-bit adder                                          : 1
 36-bit adder                                          : 1
 37-bit adder                                          : 1
 38-bit adder                                          : 1
 39-bit adder                                          : 1
 40-bit adder                                          : 1
 41-bit adder                                          : 1
 42-bit adder                                          : 1
 43-bit adder                                          : 1
 44-bit adder                                          : 1
 45-bit adder                                          : 1
 46-bit adder                                          : 1
 47-bit adder                                          : 1
 48-bit adder                                          : 1
 49-bit adder                                          : 1
 50-bit adder                                          : 1
 51-bit adder                                          : 1
 52-bit adder                                          : 1
 53-bit adder                                          : 1
 54-bit adder                                          : 1
 55-bit adder                                          : 1
 56-bit adder                                          : 1
# Registers                                            : 4
 3-bit register                                        : 1
 32-bit register                                       : 1
 8-bit register                                        : 2
# Comparators                                          : 33
 32-bit comparator lessequal                           : 9
 33-bit comparator lessequal                           : 1
 34-bit comparator lessequal                           : 1
 35-bit comparator lessequal                           : 1
 36-bit comparator lessequal                           : 1
 37-bit comparator lessequal                           : 1
 38-bit comparator lessequal                           : 1
 39-bit comparator lessequal                           : 1
 40-bit comparator lessequal                           : 1
 41-bit comparator lessequal                           : 1
 42-bit comparator lessequal                           : 1
 43-bit comparator lessequal                           : 1
 44-bit comparator lessequal                           : 1
 45-bit comparator lessequal                           : 1
 46-bit comparator lessequal                           : 1
 47-bit comparator lessequal                           : 1
 48-bit comparator lessequal                           : 1
 49-bit comparator lessequal                           : 1
 50-bit comparator lessequal                           : 1
 51-bit comparator lessequal                           : 1
 52-bit comparator lessequal                           : 1
 53-bit comparator lessequal                           : 1
 54-bit comparator lessequal                           : 1
 55-bit comparator lessequal                           : 1
 56-bit comparator lessequal                           : 1
# Multiplexers                                         : 1025
 1-bit 2-to-1 multiplexer                              : 1024
 24-bit 2-to-1 multiplexer                             : 1

=========================================================================

=========================================================================
*                       Advanced HDL Synthesis                          *
=========================================================================


Synthesizing (advanced) Unit <processor>.
The following registers are absorbed into counter <address>: 1 register on signal <address>.
The following registers are absorbed into counter <timer>: 1 register on signal <timer>.
Unit <processor> synthesized (advanced).

Synthesizing (advanced) Unit <program_rom>.
INFO:Xst:3231 - The small RAM <Mram_inst_mem> will be implemented on LUTs in order to maximize performance and save block RAM resources. If you want to force its implementation on block, use option/constraint ram_style.
    -----------------------------------------------------------------------
    | ram_type           | Distributed                         |          |
    -----------------------------------------------------------------------
    | Port A                                                              |
    |     aspect ratio   | 8-word x 8-bit                      |          |
    |     weA            | connected to signal <GND>           | high     |
    |     addrA          | connected to signal <address>       |          |
    |     diA            | connected to signal <GND>           |          |
    |     doA            | connected to internal node          |          |
    -----------------------------------------------------------------------
Unit <program_rom> synthesized (advanced).

=========================================================================
Advanced HDL Synthesis Report

Macro Statistics
# RAMs                                                 : 1
 8x8-bit single-port distributed Read Only RAM         : 1
# Adders/Subtractors                                   : 34
 24-bit adder                                          : 1
 32-bit adder                                          : 33
# Counters                                             : 2
 3-bit up counter                                      : 1
 32-bit up counter                                     : 1
# Registers                                            : 16
 Flip-Flops                                            : 16
# Comparators                                          : 33
 32-bit comparator lessequal                           : 9
 33-bit comparator lessequal                           : 1
 34-bit comparator lessequal                           : 1
 35-bit comparator lessequal                           : 1
 36-bit comparator lessequal                           : 1
 37-bit comparator lessequal                           : 1
 38-bit comparator lessequal                           : 1
 39-bit comparator lessequal                           : 1
 40-bit comparator lessequal                           : 1
 41-bit comparator lessequal                           : 1
 42-bit comparator lessequal                           : 1
 43-bit comparator lessequal                           : 1
 44-bit comparator lessequal                           : 1
 45-bit comparator lessequal                           : 1
 46-bit comparator lessequal                           : 1
 47-bit comparator lessequal                           : 1
 48-bit comparator lessequal                           : 1
 49-bit comparator lessequal                           : 1
 50-bit comparator lessequal                           : 1
 51-bit comparator lessequal                           : 1
 52-bit comparator lessequal                           : 1
 53-bit comparator lessequal                           : 1
 54-bit comparator lessequal                           : 1
 55-bit comparator lessequal                           : 1
 56-bit comparator lessequal                           : 1
# Multiplexers                                         : 1025
 1-bit 2-to-1 multiplexer                              : 1024
 24-bit 2-to-1 multiplexer                             : 1

=========================================================================

=========================================================================
*                         Low Level Synthesis                           *
=========================================================================

Optimizing unit <machine> ...

Optimizing unit <processor> ...

Mapping all equations...
Building and optimizing final netlist ...
Found area constraint ratio of 100 (+ 5) on block machine, actual ratio is 6.

Final Macro Processing ...

Processing Unit <machine> :
	Found 2-bit shift register for signal <out_3>.
	Found 2-bit shift register for signal <out_7>.
Unit <machine> processed.

=========================================================================
Final Register Report

Macro Statistics
# Registers                                            : 47
 Flip-Flops                                            : 47
# Shift Registers                                      : 2
 2-bit shift register                                  : 2

=========================================================================

=========================================================================
*                           Partition Report                            *
=========================================================================

Partition Implementation Status
-------------------------------

  No Partitions were found in this design.

-------------------------------

=========================================================================
*                            Design Summary                             *
=========================================================================

Top Level Output File Name         : machine.ngc

Primitive and Black Box Usage:
------------------------------
# BELS                             : 1233
#      GND                         : 1
#      INV                         : 21
#      LUT1                        : 69
#      LUT2                        : 16
#      LUT3                        : 116
#      LUT4                        : 22
#      LUT5                        : 208
#      LUT6                        : 260
#      MUXCY                       : 259
#      MUXF7                       : 15
#      VCC                         : 1
#      XORCY                       : 245
# FlipFlops/Latches                : 49
#      FD                          : 44
#      FDE                         : 5
# Shift Registers                  : 2
#      SRLC16E                     : 2
# Clock Buffers                    : 1
#      BUFGP                       : 1
# IO Buffers                       : 8
#      OBUF                        : 8

Device utilization summary:
---------------------------

Selected Device : 6slx16csg324-2 


Slice Logic Utilization: 
 Number of Slice Registers:              49  out of  18224     0%  
 Number of Slice LUTs:                  714  out of   9112     7%  
    Number used as Logic:               712  out of   9112     7%  
    Number used as Memory:                2  out of   2176     0%  
       Number used as SRL:                2

Slice Logic Distribution: 
 Number of LUT Flip Flop pairs used:    752
   Number with an unused Flip Flop:     703  out of    752    93%  
   Number with an unused LUT:            38  out of    752     5%  
   Number of fully used LUT-FF pairs:    11  out of    752     1%  
   Number of unique control sets:         3

IO Utilization: 
 Number of IOs:                           9
 Number of bonded IOBs:                   9  out of    232     3%  

Specific Feature Utilization:
 Number of BUFG/BUFGCTRLs:                1  out of     16     6%  

---------------------------
Partition Resource Summary:
---------------------------

  No Partitions were found in this design.

---------------------------


=========================================================================
Timing Report

NOTE: THESE TIMING NUMBERS ARE ONLY A SYNTHESIS ESTIMATE.
      FOR ACCURATE TIMING INFORMATION PLEASE REFER TO THE TRACE REPORT
      GENERATED AFTER PLACE-and-ROUTE.

Clock Information:
------------------
-----------------------------------+------------------------+-------+
Clock Signal                       | Clock buffer(FF name)  | Load  |
-----------------------------------+------------------------+-------+
clk                                | BUFGP                  | 51    |
-----------------------------------+------------------------+-------+

Asynchronous Control Signals Information:
----------------------------------------
No asynchronous control signals found in this design

Timing Summary:
---------------
Speed Grade: -2

   Minimum period: 36.691ns (Maximum Frequency: 27.255MHz)
   Minimum input arrival time before clock: No path found
   Maximum output required time after clock: 4.118ns
   Maximum combinational path delay: No path found

Timing Details:
---------------
All values displayed in nanoseconds (ns)

=========================================================================
Timing constraint: Default period analysis for Clock 'clk'
  Clock period: 36.691ns (frequency: 27.255MHz)
  Total number of paths / destination ports: 59615666771937824 / 54
-------------------------------------------------------------------------
Delay:               36.691ns (Levels of Logic = 76)
  Source:            _processor/timer_0 (FF)
  Destination:       _processor/address_2 (FF)
  Source Clock:      clk rising
  Destination Clock: clk rising

  Data Path: _processor/timer_0 to _processor/address_2
                                Gate     Net
    Cell:in->out      fanout   Delay   Delay  Logical Name (Net Name)
    ----------------------------------------  ------------
     FD:C->Q               2   0.525   0.725  _processor/timer_0 (_processor/timer_0)
     INV:I->O              1   0.255   0.000  _processor/Madd_timer[31]_GND_2_o_add_1_OUT_lut<0>_INV_0 (_processor/Madd_timer[31]_GND_2_o_add_1_OUT_lut<0>)
     MUXCY:S->O            1   0.215   0.000  _processor/Madd_timer[31]_GND_2_o_add_1_OUT_cy<0> (_processor/Madd_timer[31]_GND_2_o_add_1_OUT_cy<0>)
     MUXCY:CI->O           1   0.023   0.000  _processor/Madd_timer[31]_GND_2_o_add_1_OUT_cy<1> (_processor/Madd_timer[31]_GND_2_o_add_1_OUT_cy<1>)
     MUXCY:CI->O           1   0.023   0.000  _processor/Madd_timer[31]_GND_2_o_add_1_OUT_cy<2> (_processor/Madd_timer[31]_GND_2_o_add_1_OUT_cy<2>)
     MUXCY:CI->O           1   0.023   0.000  _processor/Madd_timer[31]_GND_2_o_add_1_OUT_cy<3> (_processor/Madd_timer[31]_GND_2_o_add_1_OUT_cy<3>)
     MUXCY:CI->O           1   0.023   0.000  _processor/Madd_timer[31]_GND_2_o_add_1_OUT_cy<4> (_processor/Madd_timer[31]_GND_2_o_add_1_OUT_cy<4>)
     MUXCY:CI->O           1   0.023   0.000  _processor/Madd_timer[31]_GND_2_o_add_1_OUT_cy<5> (_processor/Madd_timer[31]_GND_2_o_add_1_OUT_cy<5>)
     MUXCY:CI->O           1   0.023   0.000  _processor/Madd_timer[31]_GND_2_o_add_1_OUT_cy<6> (_processor/Madd_timer[31]_GND_2_o_add_1_OUT_cy<6>)
     MUXCY:CI->O           1   0.023   0.000  _processor/Madd_timer[31]_GND_2_o_add_1_OUT_cy<7> (_processor/Madd_timer[31]_GND_2_o_add_1_OUT_cy<7>)
     MUXCY:CI->O           1   0.023   0.000  _processor/Madd_timer[31]_GND_2_o_add_1_OUT_cy<8> (_processor/Madd_timer[31]_GND_2_o_add_1_OUT_cy<8>)
     MUXCY:CI->O           1   0.023   0.000  _processor/Madd_timer[31]_GND_2_o_add_1_OUT_cy<9> (_processor/Madd_timer[31]_GND_2_o_add_1_OUT_cy<9>)
     MUXCY:CI->O           1   0.023   0.000  _processor/Madd_timer[31]_GND_2_o_add_1_OUT_cy<10> (_processor/Madd_timer[31]_GND_2_o_add_1_OUT_cy<10>)
     MUXCY:CI->O           1   0.023   0.000  _processor/Madd_timer[31]_GND_2_o_add_1_OUT_cy<11> (_processor/Madd_timer[31]_GND_2_o_add_1_OUT_cy<11>)
     MUXCY:CI->O           1   0.023   0.000  _processor/Madd_timer[31]_GND_2_o_add_1_OUT_cy<12> (_processor/Madd_timer[31]_GND_2_o_add_1_OUT_cy<12>)
     MUXCY:CI->O           1   0.023   0.000  _processor/Madd_timer[31]_GND_2_o_add_1_OUT_cy<13> (_processor/Madd_timer[31]_GND_2_o_add_1_OUT_cy<13>)
     MUXCY:CI->O           1   0.023   0.000  _processor/Madd_timer[31]_GND_2_o_add_1_OUT_cy<14> (_processor/Madd_timer[31]_GND_2_o_add_1_OUT_cy<14>)
     MUXCY:CI->O           1   0.023   0.000  _processor/Madd_timer[31]_GND_2_o_add_1_OUT_cy<15> (_processor/Madd_timer[31]_GND_2_o_add_1_OUT_cy<15>)
     MUXCY:CI->O           1   0.023   0.000  _processor/Madd_timer[31]_GND_2_o_add_1_OUT_cy<16> (_processor/Madd_timer[31]_GND_2_o_add_1_OUT_cy<16>)
     MUXCY:CI->O           1   0.023   0.000  _processor/Madd_timer[31]_GND_2_o_add_1_OUT_cy<17> (_processor/Madd_timer[31]_GND_2_o_add_1_OUT_cy<17>)
     MUXCY:CI->O           1   0.023   0.000  _processor/Madd_timer[31]_GND_2_o_add_1_OUT_cy<18> (_processor/Madd_timer[31]_GND_2_o_add_1_OUT_cy<18>)
     MUXCY:CI->O           1   0.023   0.000  _processor/Madd_timer[31]_GND_2_o_add_1_OUT_cy<19> (_processor/Madd_timer[31]_GND_2_o_add_1_OUT_cy<19>)
     MUXCY:CI->O           1   0.023   0.000  _processor/Madd_timer[31]_GND_2_o_add_1_OUT_cy<20> (_processor/Madd_timer[31]_GND_2_o_add_1_OUT_cy<20>)
     MUXCY:CI->O           1   0.023   0.000  _processor/Madd_timer[31]_GND_2_o_add_1_OUT_cy<21> (_processor/Madd_timer[31]_GND_2_o_add_1_OUT_cy<21>)
     MUXCY:CI->O           1   0.023   0.000  _processor/Madd_timer[31]_GND_2_o_add_1_OUT_cy<22> (_processor/Madd_timer[31]_GND_2_o_add_1_OUT_cy<22>)
     MUXCY:CI->O           1   0.023   0.000  _processor/Madd_timer[31]_GND_2_o_add_1_OUT_cy<23> (_processor/Madd_timer[31]_GND_2_o_add_1_OUT_cy<23>)
     MUXCY:CI->O           1   0.023   0.000  _processor/Madd_timer[31]_GND_2_o_add_1_OUT_cy<24> (_processor/Madd_timer[31]_GND_2_o_add_1_OUT_cy<24>)
     MUXCY:CI->O           1   0.023   0.000  _processor/Madd_timer[31]_GND_2_o_add_1_OUT_cy<25> (_processor/Madd_timer[31]_GND_2_o_add_1_OUT_cy<25>)
     MUXCY:CI->O           1   0.023   0.000  _processor/Madd_timer[31]_GND_2_o_add_1_OUT_cy<26> (_processor/Madd_timer[31]_GND_2_o_add_1_OUT_cy<26>)
     MUXCY:CI->O           1   0.023   0.000  _processor/Madd_timer[31]_GND_2_o_add_1_OUT_cy<27> (_processor/Madd_timer[31]_GND_2_o_add_1_OUT_cy<27>)
     MUXCY:CI->O           1   0.023   0.000  _processor/Madd_timer[31]_GND_2_o_add_1_OUT_cy<28> (_processor/Madd_timer[31]_GND_2_o_add_1_OUT_cy<28>)
     MUXCY:CI->O           1   0.023   0.000  _processor/Madd_timer[31]_GND_2_o_add_1_OUT_cy<29> (_processor/Madd_timer[31]_GND_2_o_add_1_OUT_cy<29>)
     XORCY:CI->O          18   0.206   1.463  _processor/Madd_timer[31]_GND_2_o_add_1_OUT_xor<30> (_processor/timer[31]_PWR_2_o_mod_2/Madd_GND_3_o_b[23]_add_19_OUT_Madd_cy<30>)
     LUT5:I2->O           21   0.235   1.418  _processor/timer[31]_PWR_2_o_mod_2/BUS_0025_INV_1093_o25_SW1 (N54)
     LUT6:I4->O           18   0.250   1.235  _processor/timer[31]_PWR_2_o_mod_2/Mmux_a[28]_a[31]_MUX_2172_o11 (_processor/timer[31]_PWR_2_o_mod_2/a[28]_a[31]_MUX_2172_o)
     LUT4:I3->O            4   0.254   0.912  _processor/timer[31]_PWR_2_o_mod_2/BUS_0026_INV_1126_o25_SW0_SW0 (N349)
     LUT6:I4->O            7   0.250   0.910  _processor/timer[31]_PWR_2_o_mod_2/BUS_0026_INV_1126_o25_1 (_processor/timer[31]_PWR_2_o_mod_2/BUS_0026_INV_1126_o25)
     LUT6:I5->O            4   0.254   1.259  _processor/timer[31]_PWR_2_o_mod_2/BUS_0027_INV_1159_o31 (_processor/timer[31]_PWR_2_o_mod_2/BUS_0027_INV_1159_o3)
     LUT6:I0->O            3   0.254   0.766  _processor/timer[31]_PWR_2_o_mod_2/BUS_0027_INV_1159_o34_1 (_processor/timer[31]_PWR_2_o_mod_2/BUS_0027_INV_1159_o34)
     LUT6:I5->O            6   0.254   0.876  _processor/timer[31]_PWR_2_o_mod_2/BUS_0027_INV_1159_o35_1 (_processor/timer[31]_PWR_2_o_mod_2/BUS_0027_INV_1159_o35)
     LUT5:I4->O            1   0.254   0.910  _processor/timer[31]_PWR_2_o_mod_2/BUS_0028_INV_1192_o31_1 (_processor/timer[31]_PWR_2_o_mod_2/BUS_0028_INV_1192_o311)
     LUT6:I3->O            1   0.235   0.682  _processor/timer[31]_PWR_2_o_mod_2/BUS_0028_INV_1192_o35_SW3_F (N520)
     LUT3:I2->O            1   0.254   0.682  _processor/timer[31]_PWR_2_o_mod_2/BUS_0028_INV_1192_o35_SW34 (N335)
     LUT6:I5->O            5   0.254   1.271  _processor/timer[31]_PWR_2_o_mod_2/Mmux_a[0]_a[31]_MUX_2296_o131 (_processor/timer[31]_PWR_2_o_mod_2/a[12]_a[31]_MUX_2284_o)
     LUT5:I0->O            1   0.254   0.000  _processor/timer[31]_PWR_2_o_mod_2/Mcompar_BUS_0029_INV_1225_o_lut<0> (_processor/timer[31]_PWR_2_o_mod_2/Mcompar_BUS_0029_INV_1225_o_lut<0>)
     MUXCY:S->O            1   0.215   0.000  _processor/timer[31]_PWR_2_o_mod_2/Mcompar_BUS_0029_INV_1225_o_cy<0> (_processor/timer[31]_PWR_2_o_mod_2/Mcompar_BUS_0029_INV_1225_o_cy<0>)
     MUXCY:CI->O           1   0.023   0.000  _processor/timer[31]_PWR_2_o_mod_2/Mcompar_BUS_0029_INV_1225_o_cy<1> (_processor/timer[31]_PWR_2_o_mod_2/Mcompar_BUS_0029_INV_1225_o_cy<1>)
     MUXCY:CI->O           1   0.023   0.000  _processor/timer[31]_PWR_2_o_mod_2/Mcompar_BUS_0029_INV_1225_o_cy<2> (_processor/timer[31]_PWR_2_o_mod_2/Mcompar_BUS_0029_INV_1225_o_cy<2>)
     MUXCY:CI->O           1   0.023   0.000  _processor/timer[31]_PWR_2_o_mod_2/Mcompar_BUS_0029_INV_1225_o_cy<3> (_processor/timer[31]_PWR_2_o_mod_2/Mcompar_BUS_0029_INV_1225_o_cy<3>)
     MUXCY:CI->O          78   0.235   2.038  _processor/timer[31]_PWR_2_o_mod_2/Mcompar_BUS_0029_INV_1225_o_cy<4> (_processor/timer[31]_PWR_2_o_mod_2/BUS_0029_INV_1225_o)
     LUT3:I2->O            4   0.254   1.234  _processor/timer[31]_PWR_2_o_mod_2/Mmux_a[0]_a[31]_MUX_2328_o121 (_processor/timer[31]_PWR_2_o_mod_2/a[11]_a[31]_MUX_2317_o)
     LUT5:I0->O            1   0.254   0.000  _processor/timer[31]_PWR_2_o_mod_2/Mcompar_BUS_0030_INV_1258_o_lut<0> (_processor/timer[31]_PWR_2_o_mod_2/Mcompar_BUS_0030_INV_1258_o_lut<0>)
     MUXCY:S->O            1   0.215   0.000  _processor/timer[31]_PWR_2_o_mod_2/Mcompar_BUS_0030_INV_1258_o_cy<0> (_processor/timer[31]_PWR_2_o_mod_2/Mcompar_BUS_0030_INV_1258_o_cy<0>)
     MUXCY:CI->O           1   0.023   0.000  _processor/timer[31]_PWR_2_o_mod_2/Mcompar_BUS_0030_INV_1258_o_cy<1> (_processor/timer[31]_PWR_2_o_mod_2/Mcompar_BUS_0030_INV_1258_o_cy<1>)
     MUXCY:CI->O           1   0.023   0.000  _processor/timer[31]_PWR_2_o_mod_2/Mcompar_BUS_0030_INV_1258_o_cy<2> (_processor/timer[31]_PWR_2_o_mod_2/Mcompar_BUS_0030_INV_1258_o_cy<2>)
     MUXCY:CI->O           1   0.023   0.000  _processor/timer[31]_PWR_2_o_mod_2/Mcompar_BUS_0030_INV_1258_o_cy<3> (_processor/timer[31]_PWR_2_o_mod_2/Mcompar_BUS_0030_INV_1258_o_cy<3>)
     MUXCY:CI->O          77   0.235   2.031  _processor/timer[31]_PWR_2_o_mod_2/Mcompar_BUS_0030_INV_1258_o_cy<4> (_processor/timer[31]_PWR_2_o_mod_2/BUS_0030_INV_1258_o)
     LUT3:I2->O            4   0.254   1.234  _processor/timer[31]_PWR_2_o_mod_2/Mmux_a[0]_a[31]_MUX_2360_o111 (_processor/timer[31]_PWR_2_o_mod_2/a[10]_a[31]_MUX_2350_o)
     LUT5:I0->O            1   0.254   0.000  _processor/timer[31]_PWR_2_o_mod_2/Mcompar_BUS_0031_INV_1291_o_lut<0> (_processor/timer[31]_PWR_2_o_mod_2/Mcompar_BUS_0031_INV_1291_o_lut<0>)
     MUXCY:S->O            1   0.215   0.000  _processor/timer[31]_PWR_2_o_mod_2/Mcompar_BUS_0031_INV_1291_o_cy<0> (_processor/timer[31]_PWR_2_o_mod_2/Mcompar_BUS_0031_INV_1291_o_cy<0>)
     MUXCY:CI->O           1   0.023   0.000  _processor/timer[31]_PWR_2_o_mod_2/Mcompar_BUS_0031_INV_1291_o_cy<1> (_processor/timer[31]_PWR_2_o_mod_2/Mcompar_BUS_0031_INV_1291_o_cy<1>)
     MUXCY:CI->O           1   0.023   0.000  _processor/timer[31]_PWR_2_o_mod_2/Mcompar_BUS_0031_INV_1291_o_cy<2> (_processor/timer[31]_PWR_2_o_mod_2/Mcompar_BUS_0031_INV_1291_o_cy<2>)
     MUXCY:CI->O           1   0.023   0.000  _processor/timer[31]_PWR_2_o_mod_2/Mcompar_BUS_0031_INV_1291_o_cy<3> (_processor/timer[31]_PWR_2_o_mod_2/Mcompar_BUS_0031_INV_1291_o_cy<3>)
     MUXCY:CI->O          76   0.235   2.023  _processor/timer[31]_PWR_2_o_mod_2/Mcompar_BUS_0031_INV_1291_o_cy<4> (_processor/timer[31]_PWR_2_o_mod_2/BUS_0031_INV_1291_o)
     LUT3:I2->O            3   0.254   1.196  _processor/timer[31]_PWR_2_o_mod_2/Mmux_a[0]_a[31]_MUX_2392_o1231 (_processor/timer[31]_PWR_2_o_mod_2/a[9]_a[31]_MUX_2383_o)
     LUT5:I0->O            1   0.254   0.000  _processor/timer[31]_PWR_2_o_mod_2/Mcompar_BUS_0032_INV_1324_o_lut<0> (_processor/timer[31]_PWR_2_o_mod_2/Mcompar_BUS_0032_INV_1324_o_lut<0>)
     MUXCY:S->O            1   0.215   0.000  _processor/timer[31]_PWR_2_o_mod_2/Mcompar_BUS_0032_INV_1324_o_cy<0> (_processor/timer[31]_PWR_2_o_mod_2/Mcompar_BUS_0032_INV_1324_o_cy<0>)
     MUXCY:CI->O           1   0.023   0.000  _processor/timer[31]_PWR_2_o_mod_2/Mcompar_BUS_0032_INV_1324_o_cy<1> (_processor/timer[31]_PWR_2_o_mod_2/Mcompar_BUS_0032_INV_1324_o_cy<1>)
     MUXCY:CI->O           1   0.023   0.000  _processor/timer[31]_PWR_2_o_mod_2/Mcompar_BUS_0032_INV_1324_o_cy<2> (_processor/timer[31]_PWR_2_o_mod_2/Mcompar_BUS_0032_INV_1324_o_cy<2>)
     MUXCY:CI->O           1   0.023   0.000  _processor/timer[31]_PWR_2_o_mod_2/Mcompar_BUS_0032_INV_1324_o_cy<3> (_processor/timer[31]_PWR_2_o_mod_2/Mcompar_BUS_0032_INV_1324_o_cy<3>)
     MUXCY:CI->O          43   0.235   1.704  _processor/timer[31]_PWR_2_o_mod_2/Mcompar_BUS_0032_INV_1324_o_cy<4> (_processor/timer[31]_PWR_2_o_mod_2/BUS_0032_INV_1324_o)
     LUT3:I2->O            1   0.254   0.000  _processor/timer[31]_PWR_2_o_mod_2/Madd_a[31]_GND_3_o_add_65_OUT_Madd_lut<8> (_processor/timer[31]_PWR_2_o_mod_2/Madd_a[31]_GND_3_o_add_65_OUT_Madd_lut<8>)
     MUXCY:S->O            1   0.215   0.000  _processor/timer[31]_PWR_2_o_mod_2/Madd_a[31]_GND_3_o_add_65_OUT_Madd_cy<8> (_processor/timer[31]_PWR_2_o_mod_2/Madd_a[31]_GND_3_o_add_65_OUT_Madd_cy<8>)
     XORCY:CI->O           3   0.206   0.766  _processor/timer[31]_PWR_2_o_mod_2/Madd_a[31]_GND_3_o_add_65_OUT_Madd_xor<9> (_processor/timer[31]_PWR_2_o_mod_2/a[31]_GND_3_o_add_65_OUT<9>)
     LUT3:I2->O            1   0.254   0.682  _processor/_n0048<0>8_SW1 (N327)
     LUT6:I5->O            1   0.254   0.682  _processor/_n0048<0>10_rstpot_SW4 (N193)
     LUT6:I5->O            1   0.254   0.000  _processor/address_1_dpot (_processor/address_1_dpot)
     FDE:D                     0.074          _processor/address_1
    ----------------------------------------
    Total                     36.691ns (9.992ns logic, 26.699ns route)
                                       (27.2% logic, 72.8% route)

=========================================================================
Timing constraint: Default OFFSET OUT AFTER for Clock 'clk'
  Total number of paths / destination ports: 8 / 8
-------------------------------------------------------------------------
Offset:              4.118ns (Levels of Logic = 1)
  Source:            out_7 (FF)
  Destination:       out<7> (PAD)
  Source Clock:      clk rising

  Data Path: out_7 to out<7>
                                Gate     Net
    Cell:in->out      fanout   Delay   Delay  Logical Name (Net Name)
    ----------------------------------------  ------------
     FDE:C->Q              1   0.525   0.681  out_7 (out_7)
     OBUF:I->O                 2.912          out_7_OBUF (out<7>)
    ----------------------------------------
    Total                      4.118ns (3.437ns logic, 0.681ns route)
                                       (83.5% logic, 16.5% route)

=========================================================================

Cross Clock Domains Report:
--------------------------

Clock to Setup on destination clock clk
---------------+---------+---------+---------+---------+
               | Src:Rise| Src:Fall| Src:Rise| Src:Fall|
Source Clock   |Dest:Rise|Dest:Rise|Dest:Fall|Dest:Fall|
---------------+---------+---------+---------+---------+
clk            |   36.691|         |         |         |
---------------+---------+---------+---------+---------+

=========================================================================


Total REAL time to Xst completion: 20.00 secs
Total CPU time to Xst completion: 19.10 secs
 
--> 


Total memory usage is 499136 kilobytes

Number of errors   :    0 (   0 filtered)
Number of warnings :    3 (   0 filtered)
Number of infos    :    1 (   0 filtered)

